// Jest Snapshot v1, https://goo.gl/fbAQLP

exports[`Match snapshot  1`] = `
Object {
  "asFragment": [Function],
  "baseElement": <body>
    <div>
      <div
        class="calculator"
      >
        <div
          class="calculator-input"
        >
          <span>
            0
          </span>
        </div>
        <div
          class="calculator-buttons"
        >
          <div
            class="calculator-button gray "
            role="button"
            tabindex="0"
          >
            <span>
              AC
            </span>
          </div>
          <div
            class="calculator-button gray "
            role="button"
            tabindex="0"
          >
            <span>
              +/-
            </span>
          </div>
          <div
            class="calculator-button gray "
            role="button"
            tabindex="0"
          >
            <span>
              %
            </span>
          </div>
          <div
            class="calculator-button orange "
            role="button"
            tabindex="0"
          >
            <span>
              รท
            </span>
          </div>
          <div
            class="calculator-button gray "
            role="button"
            tabindex="0"
          >
            <span>
              7
            </span>
          </div>
          <div
            class="calculator-button gray "
            role="button"
            tabindex="0"
          >
            <span>
              8
            </span>
          </div>
          <div
            class="calculator-button gray "
            role="button"
            tabindex="0"
          >
            <span>
              9
            </span>
          </div>
          <div
            class="calculator-button orange "
            role="button"
            tabindex="0"
          >
            <span>
              x
            </span>
          </div>
          <div
            class="calculator-button gray "
            role="button"
            tabindex="0"
          >
            <span>
              4
            </span>
          </div>
          <div
            class="calculator-button gray "
            role="button"
            tabindex="0"
          >
            <span>
              5
            </span>
          </div>
          <div
            class="calculator-button gray "
            role="button"
            tabindex="0"
          >
            <span>
              6
            </span>
          </div>
          <div
            class="calculator-button orange "
            role="button"
            tabindex="0"
          >
            <span>
              -
            </span>
          </div>
          <div
            class="calculator-button gray "
            role="button"
            tabindex="0"
          >
            <span>
              1
            </span>
          </div>
          <div
            class="calculator-button gray "
            role="button"
            tabindex="0"
          >
            <span>
              2
            </span>
          </div>
          <div
            class="calculator-button gray "
            role="button"
            tabindex="0"
          >
            <span>
              3
            </span>
          </div>
          <div
            class="calculator-button orange "
            role="button"
            tabindex="0"
          >
            <span>
              +
            </span>
          </div>
          <div
            class="calculator-button gray large"
            role="button"
            tabindex="0"
          >
            <span>
              0
            </span>
          </div>
          <div
            class="calculator-button gray "
            role="button"
            tabindex="0"
          >
            <span>
              .
            </span>
          </div>
          <div
            class="calculator-button orange "
            role="button"
            tabindex="0"
          >
            <span>
              =
            </span>
          </div>
        </div>
      </div>
    </div>
  </body>,
  "container": <div>
    <div
      class="calculator"
    >
      <div
        class="calculator-input"
      >
        <span>
          0
        </span>
      </div>
      <div
        class="calculator-buttons"
      >
        <div
          class="calculator-button gray "
          role="button"
          tabindex="0"
        >
          <span>
            AC
          </span>
        </div>
        <div
          class="calculator-button gray "
          role="button"
          tabindex="0"
        >
          <span>
            +/-
          </span>
        </div>
        <div
          class="calculator-button gray "
          role="button"
          tabindex="0"
        >
          <span>
            %
          </span>
        </div>
        <div
          class="calculator-button orange "
          role="button"
          tabindex="0"
        >
          <span>
            รท
          </span>
        </div>
        <div
          class="calculator-button gray "
          role="button"
          tabindex="0"
        >
          <span>
            7
          </span>
        </div>
        <div
          class="calculator-button gray "
          role="button"
          tabindex="0"
        >
          <span>
            8
          </span>
        </div>
        <div
          class="calculator-button gray "
          role="button"
          tabindex="0"
        >
          <span>
            9
          </span>
        </div>
        <div
          class="calculator-button orange "
          role="button"
          tabindex="0"
        >
          <span>
            x
          </span>
        </div>
        <div
          class="calculator-button gray "
          role="button"
          tabindex="0"
        >
          <span>
            4
          </span>
        </div>
        <div
          class="calculator-button gray "
          role="button"
          tabindex="0"
        >
          <span>
            5
          </span>
        </div>
        <div
          class="calculator-button gray "
          role="button"
          tabindex="0"
        >
          <span>
            6
          </span>
        </div>
        <div
          class="calculator-button orange "
          role="button"
          tabindex="0"
        >
          <span>
            -
          </span>
        </div>
        <div
          class="calculator-button gray "
          role="button"
          tabindex="0"
        >
          <span>
            1
          </span>
        </div>
        <div
          class="calculator-button gray "
          role="button"
          tabindex="0"
        >
          <span>
            2
          </span>
        </div>
        <div
          class="calculator-button gray "
          role="button"
          tabindex="0"
        >
          <span>
            3
          </span>
        </div>
        <div
          class="calculator-button orange "
          role="button"
          tabindex="0"
        >
          <span>
            +
          </span>
        </div>
        <div
          class="calculator-button gray large"
          role="button"
          tabindex="0"
        >
          <span>
            0
          </span>
        </div>
        <div
          class="calculator-button gray "
          role="button"
          tabindex="0"
        >
          <span>
            .
          </span>
        </div>
        <div
          class="calculator-button orange "
          role="button"
          tabindex="0"
        >
          <span>
            =
          </span>
        </div>
      </div>
    </div>
  </div>,
  "debug": [Function],
  "findAllByAltText": [Function],
  "findAllByDisplayValue": [Function],
  "findAllByLabelText": [Function],
  "findAllByPlaceholderText": [Function],
  "findAllByRole": [Function],
  "findAllByTestId": [Function],
  "findAllByText": [Function],
  "findAllByTitle": [Function],
  "findByAltText": [Function],
  "findByDisplayValue": [Function],
  "findByLabelText": [Function],
  "findByPlaceholderText": [Function],
  "findByRole": [Function],
  "findByTestId": [Function],
  "findByText": [Function],
  "findByTitle": [Function],
  "getAllByAltText": [Function],
  "getAllByDisplayValue": [Function],
  "getAllByLabelText": [Function],
  "getAllByPlaceholderText": [Function],
  "getAllByRole": [Function],
  "getAllByTestId": [Function],
  "getAllByText": [Function],
  "getAllByTitle": [Function],
  "getByAltText": [Function],
  "getByDisplayValue": [Function],
  "getByLabelText": [Function],
  "getByPlaceholderText": [Function],
  "getByRole": [Function],
  "getByTestId": [Function],
  "getByText": [Function],
  "getByTitle": [Function],
  "queryAllByAltText": [Function],
  "queryAllByDisplayValue": [Function],
  "queryAllByLabelText": [Function],
  "queryAllByPlaceholderText": [Function],
  "queryAllByRole": [Function],
  "queryAllByTestId": [Function],
  "queryAllByText": [Function],
  "queryAllByTitle": [Function],
  "queryByAltText": [Function],
  "queryByDisplayValue": [Function],
  "queryByLabelText": [Function],
  "queryByPlaceholderText": [Function],
  "queryByRole": [Function],
  "queryByTestId": [Function],
  "queryByText": [Function],
  "queryByTitle": [Function],
  "rerender": [Function],
  "unmount": [Function],
}
`;
